tests/tests-develop/VMTests/vmArithmeticTest/add0.json
tests/tests-develop/VMTests/vmArithmeticTest/add1.json
tests/tests-develop/VMTests/vmArithmeticTest/add2.json
tests/tests-develop/VMTests/vmArithmeticTest/add3.json
tests/tests-develop/VMTests/vmArithmeticTest/addmod0.json
tests/tests-develop/VMTests/vmArithmeticTest/addmod1_overflow2.json
tests/tests-develop/VMTests/vmArithmeticTest/addmod2.json
tests/tests-develop/VMTests/vmArithmeticTest/addmod3.json
tests/tests-develop/VMTests/vmArithmeticTest/addmod3_0.json
tests/tests-develop/VMTests/vmArithmeticTest/addmodDivByZero.json
tests/tests-develop/VMTests/vmArithmeticTest/addmodDivByZero1.json
tests/tests-develop/VMTests/vmArithmeticTest/addmodDivByZero2.json
tests/tests-develop/VMTests/vmArithmeticTest/arith1.json
tests/tests-develop/VMTests/vmArithmeticTest/divByNonZero1.json
tests/tests-develop/VMTests/vmArithmeticTest/divByNonZero3.json
tests/tests-develop/VMTests/vmArithmeticTest/divByZero_2.json
tests/tests-develop/VMTests/vmArithmeticTest/exp0.json
tests/tests-develop/VMTests/vmArithmeticTest/exp1.json
tests/tests-develop/VMTests/vmArithmeticTest/exp2.json
tests/tests-develop/VMTests/vmArithmeticTest/exp3.json
tests/tests-develop/VMTests/vmArithmeticTest/exp5.json
tests/tests-develop/VMTests/vmArithmeticTest/exp6.json
tests/tests-develop/VMTests/vmArithmeticTest/expPowerOf256Of256_0.json
tests/tests-develop/VMTests/vmArithmeticTest/expPowerOf256Of256_11.json
tests/tests-develop/VMTests/vmArithmeticTest/expPowerOf256Of256_12.json
tests/tests-develop/VMTests/vmArithmeticTest/expPowerOf256Of256_13.json
tests/tests-develop/VMTests/vmArithmeticTest/expPowerOf256Of256_15.json
tests/tests-develop/VMTests/vmArithmeticTest/expPowerOf256Of256_16.json
tests/tests-develop/VMTests/vmArithmeticTest/expPowerOf256Of256_18.json
tests/tests-develop/VMTests/vmArithmeticTest/expPowerOf256Of256_19.json
tests/tests-develop/VMTests/vmArithmeticTest/expPowerOf256Of256_2.json
tests/tests-develop/VMTests/vmArithmeticTest/expPowerOf256Of256_20.json
tests/tests-develop/VMTests/vmArithmeticTest/expPowerOf256Of256_21.json
tests/tests-develop/VMTests/vmArithmeticTest/expPowerOf256Of256_25.json
tests/tests-develop/VMTests/vmArithmeticTest/expPowerOf256Of256_26.json
tests/tests-develop/VMTests/vmArithmeticTest/expPowerOf256Of256_29.json
tests/tests-develop/VMTests/vmArithmeticTest/expPowerOf256Of256_30.json
tests/tests-develop/VMTests/vmArithmeticTest/expPowerOf256Of256_32.json
tests/tests-develop/VMTests/vmArithmeticTest/expPowerOf256Of256_33.json
tests/tests-develop/VMTests/vmArithmeticTest/expPowerOf256Of256_4.json
tests/tests-develop/VMTests/vmArithmeticTest/expPowerOf256Of256_7.json
tests/tests-develop/VMTests/vmArithmeticTest/expPowerOf256Of256_8.json
tests/tests-develop/VMTests/vmArithmeticTest/expPowerOf256Of256_9.json
tests/tests-develop/VMTests/vmArithmeticTest/expPowerOf256_12.json
tests/tests-develop/VMTests/vmArithmeticTest/expPowerOf256_18.json
tests/tests-develop/VMTests/vmArithmeticTest/expPowerOf256_20.json
tests/tests-develop/VMTests/vmArithmeticTest/expPowerOf256_22.json
tests/tests-develop/VMTests/vmArithmeticTest/expPowerOf256_23.json
tests/tests-develop/VMTests/vmArithmeticTest/expPowerOf256_24.json
tests/tests-develop/VMTests/vmArithmeticTest/expPowerOf256_25.json
tests/tests-develop/VMTests/vmArithmeticTest/expPowerOf256_3.json
tests/tests-develop/VMTests/vmArithmeticTest/expPowerOf256_33.json
tests/tests-develop/VMTests/vmArithmeticTest/expPowerOf256_4.json
tests/tests-develop/VMTests/vmArithmeticTest/expPowerOf256_7.json
tests/tests-develop/VMTests/vmArithmeticTest/expPowerOf256_8.json
tests/tests-develop/VMTests/vmArithmeticTest/expPowerOf256_9.json
tests/tests-develop/VMTests/vmArithmeticTest/expPowerOf2_16.json
tests/tests-develop/VMTests/vmArithmeticTest/expPowerOf2_2.json
tests/tests-develop/VMTests/vmArithmeticTest/expPowerOf2_256.json
tests/tests-develop/VMTests/vmArithmeticTest/expPowerOf2_32.json
tests/tests-develop/VMTests/vmArithmeticTest/expPowerOf2_4.json
tests/tests-develop/VMTests/vmArithmeticTest/expPowerOf2_64.json
tests/tests-develop/VMTests/vmArithmeticTest/expXY.json
tests/tests-develop/VMTests/vmArithmeticTest/expXY_success.json
tests/tests-develop/VMTests/vmArithmeticTest/fibbonacci_unrolled.json
tests/tests-develop/VMTests/vmArithmeticTest/mod1.json
tests/tests-develop/VMTests/vmArithmeticTest/mod3.json
tests/tests-develop/VMTests/vmArithmeticTest/modByZero.json
tests/tests-develop/VMTests/vmArithmeticTest/mul2.json
tests/tests-develop/VMTests/vmArithmeticTest/mul3.json
tests/tests-develop/VMTests/vmArithmeticTest/mul5.json
tests/tests-develop/VMTests/vmArithmeticTest/mul7.json
tests/tests-develop/VMTests/vmArithmeticTest/mulUnderFlow.json
tests/tests-develop/VMTests/vmArithmeticTest/mulmod0.json
tests/tests-develop/VMTests/vmArithmeticTest/mulmod1.json
tests/tests-develop/VMTests/vmArithmeticTest/mulmod1_overflow3.json
tests/tests-develop/VMTests/vmArithmeticTest/mulmod2.json
tests/tests-develop/VMTests/vmArithmeticTest/mulmod2_0.json
tests/tests-develop/VMTests/vmArithmeticTest/mulmod3.json
tests/tests-develop/VMTests/vmArithmeticTest/mulmod4.json
tests/tests-develop/VMTests/vmArithmeticTest/mulmoddivByZero1.json
tests/tests-develop/VMTests/vmArithmeticTest/mulmoddivByZero2.json
tests/tests-develop/VMTests/vmArithmeticTest/mulmoddivByZero3.json
tests/tests-develop/VMTests/vmArithmeticTest/sdiv1.json
tests/tests-develop/VMTests/vmArithmeticTest/sdiv2.json
tests/tests-develop/VMTests/vmArithmeticTest/sdiv3.json
tests/tests-develop/VMTests/vmArithmeticTest/sdiv6.json
tests/tests-develop/VMTests/vmArithmeticTest/sdiv8.json
tests/tests-develop/VMTests/vmArithmeticTest/sdiv9.json
tests/tests-develop/VMTests/vmArithmeticTest/sdivByZero0.json
tests/tests-develop/VMTests/vmArithmeticTest/sdivByZero1.json
tests/tests-develop/VMTests/vmArithmeticTest/sdivByZero2.json
tests/tests-develop/VMTests/vmArithmeticTest/sdiv_dejavu.json
tests/tests-develop/VMTests/vmArithmeticTest/signextendInvalidByteNumber.json
tests/tests-develop/VMTests/vmArithmeticTest/signextend_00.json
tests/tests-develop/VMTests/vmArithmeticTest/signextend_0_BigByte.json
tests/tests-develop/VMTests/vmArithmeticTest/signextend_BigByte_0.json
tests/tests-develop/VMTests/vmArithmeticTest/signextend_BitIsSetInHigherByte.json
tests/tests-develop/VMTests/vmArithmeticTest/signextend_bigBytePlus1.json
tests/tests-develop/VMTests/vmArithmeticTest/smod0.json
tests/tests-develop/VMTests/vmArithmeticTest/smod2.json
tests/tests-develop/VMTests/vmArithmeticTest/smod3.json
tests/tests-develop/VMTests/vmArithmeticTest/smod5.json
tests/tests-develop/VMTests/vmArithmeticTest/smod7.json
tests/tests-develop/VMTests/vmArithmeticTest/smod8_byZero.json
tests/tests-develop/VMTests/vmArithmeticTest/smod_i256min2.json
tests/tests-develop/VMTests/vmArithmeticTest/sub0.json
tests/tests-develop/VMTests/vmArithmeticTest/sub3.json
tests/tests-develop/VMTests/vmArithmeticTest/sub4.json
tests/tests-develop/VMTests/vmSha3Test/sha3_0.json
tests/tests-develop/VMTests/vmSha3Test/sha3_1.json
tests/tests-develop/VMTests/vmSha3Test/sha3_2.json
tests/tests-develop/VMTests/vmSha3Test/sha3_4.json
tests/tests-develop/VMTests/vmSha3Test/sha3_bigOffset.json
tests/tests-develop/VMTests/vmSha3Test/sha3_bigOffset2.json
tests/tests-develop/VMTests/vmSha3Test/sha3_memSizeNoQuadraticCost31.json
tests/tests-develop/VMTests/vmSha3Test/sha3_memSizeQuadraticCost32.json
tests/tests-develop/VMTests/vmSha3Test/sha3_memSizeQuadraticCost32_zeroSize.json
tests/tests-develop/VMTests/vmSha3Test/sha3_memSizeQuadraticCost33.json
tests/tests-develop/VMTests/vmSha3Test/sha3_memSizeQuadraticCost63.json
tests/tests-develop/VMTests/vmSha3Test/sha3_memSizeQuadraticCost64.json
tests/tests-develop/VMTests/vmSha3Test/sha3_memSizeQuadraticCost64_2.json
tests/tests-develop/VMTests/vmSha3Test/sha3_memSizeQuadraticCost65.json
