
┌  b7c0ea..8c8ed2 (init, expanded)
│   k: #execute ~> CONTINUATION:K
│   callDepth: 0
│   statusCode: STATUSCODE:StatusCode
│   pc: 0
│   srcmap: 95:883:45:-:0
│
│  (267 steps)
├  a4a512..6a192f (expanded)
│  k: #halt ~> #pc [ STOP ] ~> #execute ~> CONTINUATION:K
│  callDepth: 0
│  statusCode: EVMC_SUCCESS
│  pc: 186
│  srcmap:
│
│  (2 steps)
├  5a3004..48352c (leaf)
│  k: #halt ~> CONTINUATION:K
│  callDepth: 0
│  statusCode: EVMC_SUCCESS
│  pc: 186
│  srcmap:
┊
┊  constraint: OMITTED CONSTRAINT
┊  subst: OMITTED SUBST
└╌ 143e72..99603b (target, leaf)
   │ k: #halt ~> CONTINUATION:K
   │ callDepth: CALLDEPTH_CELL_5d410f2a:Int
   │ statusCode: STATUSCODE_FINAL:StatusCode
   │ pc: PC_CELL_5d410f2a:Int
