APRProof: AccountParamsTest.testDealConcrete:d50737a25b9af563feaa75d11ca1053406a57e4c2437645dfe1e3c9bb7059443
    status: ProofStatus.PASSED
    nodes: 7
    frontier: 0
    stuck: 0

APRProof: AccountParamsTest.testDealSymbolic:d50737a25b9af563feaa75d11ca1053406a57e4c2437645dfe1e3c9bb7059443
    status: ProofStatus.PASSED
    nodes: 7
    frontier: 0
    stuck: 0

APRProof: AccountParamsTest.testEtchConcrete:d50737a25b9af563feaa75d11ca1053406a57e4c2437645dfe1e3c9bb7059443
    status: ProofStatus.PASSED
    nodes: 24
    frontier: 0
    stuck: 0

APRProof: AccountParamsTest.testFail_GetNonce_true:d50737a25b9af563feaa75d11ca1053406a57e4c2437645dfe1e3c9bb7059443
    status: ProofStatus.PASSED
    nodes: 12
    frontier: 0
    stuck: 0

APRProof: AccountParamsTest.testNonceSymbolic:d50737a25b9af563feaa75d11ca1053406a57e4c2437645dfe1e3c9bb7059443
    status: ProofStatus.PASSED
    nodes: 13
    frontier: 0
    stuck: 0

APRProof: AccountParamsTest.test_GetNonce_true:d50737a25b9af563feaa75d11ca1053406a57e4c2437645dfe1e3c9bb7059443
    status: ProofStatus.PASSED
    nodes: 7
    frontier: 0
    stuck: 0

APRProof: AccountParamsTest.test_Nonce_ExistentAddress:d50737a25b9af563feaa75d11ca1053406a57e4c2437645dfe1e3c9bb7059443
    status: ProofStatus.PASSED
    nodes: 9
    frontier: 0
    stuck: 0

APRProof: AccountParamsTest.test_Nonce_NonExistentAddress:d50737a25b9af563feaa75d11ca1053406a57e4c2437645dfe1e3c9bb7059443
    status: ProofStatus.PASSED
    nodes: 9
    frontier: 0
    stuck: 0

APRProof: AccountParamsTest.test_getNonce_unknownSymbolic:d50737a25b9af563feaa75d11ca1053406a57e4c2437645dfe1e3c9bb7059443
    status: ProofStatus.PASSED
    nodes: 15
    frontier: 0
    stuck: 0

APRProof: AddrTest.test_addr_true:a8a00588c782ad642ff30e303c0a91f724dd8f7953b7aba14d3f3d69679358f7
    status: ProofStatus.PASSED
    nodes: 7
    frontier: 0
    stuck: 0

APRProof: AddrTest.test_builtInAddresses:a8a00588c782ad642ff30e303c0a91f724dd8f7953b7aba14d3f3d69679358f7
    status: ProofStatus.PASSED
    nodes: 5
    frontier: 0
    stuck: 0

APRProof: AddrTest.test_notBuiltinAddress_concrete:a8a00588c782ad642ff30e303c0a91f724dd8f7953b7aba14d3f3d69679358f7
    status: ProofStatus.PASSED
    nodes: 5
    frontier: 0
    stuck: 0

APRProof: AddrTest.test_notBuiltinAddress_symbolic:a8a00588c782ad642ff30e303c0a91f724dd8f7953b7aba14d3f3d69679358f7
    status: ProofStatus.PASSED
    nodes: 10
    frontier: 0
    stuck: 0

APRProof: AllowChangesTest.testAllow:ee1ac43b72428c2c3b33dae9ef072467447fae597e36941bf83a5cdccdf77bf9
    status: ProofStatus.PASSED
    nodes: 25
    frontier: 0
    stuck: 0

APRProof: AllowChangesTest.testFailAllowCallsToAddress:ee1ac43b72428c2c3b33dae9ef072467447fae597e36941bf83a5cdccdf77bf9
    status: ProofStatus.PASSED
    nodes: 25
    frontier: 0
    stuck: 0

APRProof: AllowChangesTest.testFailAllowChangesToStorage:ee1ac43b72428c2c3b33dae9ef072467447fae597e36941bf83a5cdccdf77bf9
    status: ProofStatus.PASSED
    nodes: 25
    frontier: 0
    stuck: 0

APRProof: ArithmeticTest.test_max1:d17dc3ea07c3a2ed77403f2f13c29fe30303528012855674fe23c3d574dd783e
    status: ProofStatus.PASSED
    nodes: 13
    frontier: 0
    stuck: 0

APRProof: ArithmeticTest.test_max2:d17dc3ea07c3a2ed77403f2f13c29fe30303528012855674fe23c3d574dd783e
    status: ProofStatus.PASSED
    nodes: 11
    frontier: 0
    stuck: 0

APRProof: AssertTest.testFail_assert_false:823f47eb133758717bc3bc5f13f8a641853a7e128ac16c291e6ebdeb7eb3c5b9
    status: ProofStatus.PASSED
    nodes: 5
    frontier: 0
    stuck: 0

APRProof: AssertTest.testFail_assert_true:823f47eb133758717bc3bc5f13f8a641853a7e128ac16c291e6ebdeb7eb3c5b9
    status: ProofStatus.FAILED
    nodes: 5
    frontier: 0
    stuck: 1

APRProof: AssertTest.testFail_expect_revert:823f47eb133758717bc3bc5f13f8a641853a7e128ac16c291e6ebdeb7eb3c5b9
    status: ProofStatus.FAILED
    nodes: 7
    frontier: 0
    stuck: 1

APRProof: AssertTest.test_assert_false:823f47eb133758717bc3bc5f13f8a641853a7e128ac16c291e6ebdeb7eb3c5b9
    status: ProofStatus.FAILED
    nodes: 5
    frontier: 0
    stuck: 1

APRProof: AssertTest.test_assert_true:823f47eb133758717bc3bc5f13f8a641853a7e128ac16c291e6ebdeb7eb3c5b9
    status: ProofStatus.PASSED
    nodes: 5
    frontier: 0
    stuck: 0

APRProof: AssertTest.test_assert_true_branch:823f47eb133758717bc3bc5f13f8a641853a7e128ac16c291e6ebdeb7eb3c5b9
    status: ProofStatus.PASSED
    nodes: 11
    frontier: 0
    stuck: 0

APRProof: AssertTest.test_revert_branch:823f47eb133758717bc3bc5f13f8a641853a7e128ac16c291e6ebdeb7eb3c5b9
    status: ProofStatus.FAILED
    nodes: 11
    frontier: 0
    stuck: 1

APRProof: AssumeTest.testFail_assume_false:d7ec3d637e70c98d19563ba5ec8c2813230ac8829c7ff77d7ce6a79c5ed5d133
    status: ProofStatus.FAILED
    nodes: 7
    frontier: 0
    stuck: 1

APRProof: AssumeTest.testFail_assume_true:d7ec3d637e70c98d19563ba5ec8c2813230ac8829c7ff77d7ce6a79c5ed5d133
    status: ProofStatus.PASSED
    nodes: 11
    frontier: 0
    stuck: 0

APRProof: AssumeTest.test_assume_false:d7ec3d637e70c98d19563ba5ec8c2813230ac8829c7ff77d7ce6a79c5ed5d133
    status: ProofStatus.FAILED
    nodes: 11
    frontier: 0
    stuck: 1

APRProof: AssumeTest.test_assume_staticCall:d7ec3d637e70c98d19563ba5ec8c2813230ac8829c7ff77d7ce6a79c5ed5d133
    status: ProofStatus.PASSED
    nodes: 8
    frontier: 0
    stuck: 0

APRProof: AssumeTest.test_assume_true:d7ec3d637e70c98d19563ba5ec8c2813230ac8829c7ff77d7ce6a79c5ed5d133
    status: ProofStatus.PASSED
    nodes: 7
    frontier: 0
    stuck: 0

APRProof: AssumeTest.test_multi_assume:d7ec3d637e70c98d19563ba5ec8c2813230ac8829c7ff77d7ce6a79c5ed5d133
    status: ProofStatus.PASSED
    nodes: 22
    frontier: 0
    stuck: 0

APRProof: BMCLoopsTest.test_countdown_concrete:7fb316f9625e4aed3b0cf18f8f48e98f7780d141a55cb1f01faa4c3eb845ca96
    status: ProofStatus.PASSED
    nodes: 6
    frontier: 0
    stuck: 0

APRProof: BMCLoopsTest.test_countdown_symbolic:7fb316f9625e4aed3b0cf18f8f48e98f7780d141a55cb1f01faa4c3eb845ca96
    status: ProofStatus.PASSED
    nodes: 25
    frontier: 0
    stuck: 0

APRProof: BlockParamsTest.testBlockNumber:f912534248af23711d9d8eb73aa384b372f5db132dda3984050a786bc3f50dfb
    status: ProofStatus.PASSED
    nodes: 5
    frontier: 0
    stuck: 0

APRProof: BlockParamsTest.testChainId:f912534248af23711d9d8eb73aa384b372f5db132dda3984050a786bc3f50dfb
    status: ProofStatus.PASSED
    nodes: 7
    frontier: 0
    stuck: 0

APRProof: BlockParamsTest.testCoinBase:f912534248af23711d9d8eb73aa384b372f5db132dda3984050a786bc3f50dfb
    status: ProofStatus.PASSED
    nodes: 7
    frontier: 0
    stuck: 0

APRProof: BlockParamsTest.testFee:f912534248af23711d9d8eb73aa384b372f5db132dda3984050a786bc3f50dfb
    status: ProofStatus.PASSED
    nodes: 7
    frontier: 0
    stuck: 0

APRProof: BlockParamsTest.testRoll:f912534248af23711d9d8eb73aa384b372f5db132dda3984050a786bc3f50dfb
    status: ProofStatus.PASSED
    nodes: 7
    frontier: 0
    stuck: 0

APRProof: BlockParamsTest.testWarp:f912534248af23711d9d8eb73aa384b372f5db132dda3984050a786bc3f50dfb
    status: ProofStatus.PASSED
    nodes: 7
    frontier: 0
    stuck: 0

APRProof: BytesTypeTest.test_bytes32:722f1d5b7074d34c746f5a0bb1a0d92667dadbdabefe8690c7deeb24fa9cfbc7
    status: ProofStatus.PASSED
    nodes: 5
    frontier: 0
    stuck: 0

APRProof: BytesTypeTest.test_bytes4:722f1d5b7074d34c746f5a0bb1a0d92667dadbdabefe8690c7deeb24fa9cfbc7
    status: ProofStatus.PASSED
    nodes: 5
    frontier: 0
    stuck: 0

APRProof: CounterTest.testIncrement:c05b9564e3db9406b83927c30aff25cf3b7a2bba2ecb2dcfe913579dbb4cd872
    status: ProofStatus.PASSED
    nodes: 30
    frontier: 0
    stuck: 0

APRProof: CounterTest.testSetNumber:c05b9564e3db9406b83927c30aff25cf3b7a2bba2ecb2dcfe913579dbb4cd872
    status: ProofStatus.PASSED
    nodes: 30
    frontier: 0
    stuck: 0

APRProof: EmitContractTest.testExpectEmit:b0b06d9f7df9b70f366b7d7a38504ca86b468ecaee54168e05366044f29f7bb0
    status: ProofStatus.PASSED
    nodes: 18
    frontier: 0
    stuck: 0

APRProof: EmitContractTest.testExpectEmitCheckEmitter:b0b06d9f7df9b70f366b7d7a38504ca86b468ecaee54168e05366044f29f7bb0
    status: ProofStatus.PASSED
    nodes: 18
    frontier: 0
    stuck: 0

APRProof: EmitContractTest.testExpectEmitDoNotCheckData:b0b06d9f7df9b70f366b7d7a38504ca86b468ecaee54168e05366044f29f7bb0
    status: ProofStatus.PASSED
    nodes: 18
    frontier: 0
    stuck: 0

APRProof: ExpectCallTest.testExpectRegularCall:e7d5459f9340021bd5e94126a7765e75be2bb4f35a1ba9dbd92df3f7c2bb54fb
    status: ProofStatus.PASSED
    nodes: 19
    frontier: 0
    stuck: 0

APRProof: ExpectCallTest.testExpectStaticCall:e7d5459f9340021bd5e94126a7765e75be2bb4f35a1ba9dbd92df3f7c2bb54fb
    status: ProofStatus.PASSED
    nodes: 19
    frontier: 0
    stuck: 0

APRProof: ExpectRevertTest.testFail_ExpectRevert_failAndSuccess:b0c40f151762c4fbb3ae3645cb66e35e2a5ecbff434736a483bc97774647a9b7
    status: ProofStatus.PASSED
    nodes: 18
    frontier: 0
    stuck: 0

APRProof: ExpectRevertTest.testFail_expectRevert_empty:b0c40f151762c4fbb3ae3645cb66e35e2a5ecbff434736a483bc97774647a9b7
    status: ProofStatus.PASSED
    nodes: 7
    frontier: 0
    stuck: 0

APRProof: ExpectRevertTest.testFail_expectRevert_false:b0c40f151762c4fbb3ae3645cb66e35e2a5ecbff434736a483bc97774647a9b7
    status: ProofStatus.PASSED
    nodes: 18
    frontier: 0
    stuck: 0

APRProof: ExpectRevertTest.testFail_expectRevert_multipleReverts:b0c40f151762c4fbb3ae3645cb66e35e2a5ecbff434736a483bc97774647a9b7
    status: ProofStatus.PASSED
    nodes: 24
    frontier: 0
    stuck: 0

APRProof: ExpectRevertTest.test_ExpectRevert_increasedDepth:b0c40f151762c4fbb3ae3645cb66e35e2a5ecbff434736a483bc97774647a9b7
    status: ProofStatus.PASSED
    nodes: 29
    frontier: 0
    stuck: 0

APRProof: ExpectRevertTest.test_expectRevert_internalCall:b0c40f151762c4fbb3ae3645cb66e35e2a5ecbff434736a483bc97774647a9b7
    status: ProofStatus.PASSED
    nodes: 7
    frontier: 0
    stuck: 0

APRProof: ExpectRevertTest.test_expectRevert_message:b0c40f151762c4fbb3ae3645cb66e35e2a5ecbff434736a483bc97774647a9b7
    status: ProofStatus.PASSED
    nodes: 20
    frontier: 0
    stuck: 0

APRProof: ExpectRevertTest.test_expectRevert_returnValue:b0c40f151762c4fbb3ae3645cb66e35e2a5ecbff434736a483bc97774647a9b7
    status: ProofStatus.PASSED
    nodes: 19
    frontier: 0
    stuck: 0

APRProof: ExpectRevertTest.test_expectRevert_true:b0c40f151762c4fbb3ae3645cb66e35e2a5ecbff434736a483bc97774647a9b7
    status: ProofStatus.PASSED
    nodes: 18
    frontier: 0
    stuck: 0

APRProof: GasTest.testInfiniteGas:e3a0c3ab32c507ca35a8d2fd13e9467435dfc0c94d05aee05050b451c81ca858
    status: ProofStatus.PASSED
    nodes: 7
    frontier: 0
    stuck: 0

APRProof: LabelTest.testLabel:44a0d607774ba17b511e0e64eb66049b0d6e5a44192c144b3639957781d18545
    status: ProofStatus.PASSED
    nodes: 7
    frontier: 0
    stuck: 0

APRProof: LoopsTest.test_sum_10:28c60e383bef56799a9d78f033c8af6993453c6fc5d3ba9a0e2bbc78126f9836
    status: ProofStatus.PASSED
    nodes: 9
    frontier: 0
    stuck: 0

APRProof: MethodDisambiguateTest.test_method_call:5007022ff96808ee4c702614050fa524eca621a9484c3a2f31fd8da6a9c14e0d
    status: ProofStatus.PASSED
    nodes: 5
    frontier: 0
    stuck: 0

APRProof: PlainPrankTest.testFail_startPrank_internalCall:04124a91b5b12359796d3bd974e16783ca626bf5d0d991038f61b274d31e0f37
    status: ProofStatus.PASSED
    nodes: 9
    frontier: 0
    stuck: 0

APRProof: PlainPrankTest.test_prank_zeroAddress_true:04124a91b5b12359796d3bd974e16783ca626bf5d0d991038f61b274d31e0f37
    status: ProofStatus.PASSED
    nodes: 31
    frontier: 0
    stuck: 0

APRProof: PlainPrankTest.test_startPrankWithOrigin_true:04124a91b5b12359796d3bd974e16783ca626bf5d0d991038f61b274d31e0f37
    status: ProofStatus.PASSED
    nodes: 26
    frontier: 0
    stuck: 0

APRProof: PlainPrankTest.test_startPrank_true:04124a91b5b12359796d3bd974e16783ca626bf5d0d991038f61b274d31e0f37
    status: ProofStatus.PASSED
    nodes: 26
    frontier: 0
    stuck: 0

APRProof: PlainPrankTest.test_startPrank_zeroAddress_true:04124a91b5b12359796d3bd974e16783ca626bf5d0d991038f61b274d31e0f37
    status: ProofStatus.PASSED
    nodes: 26
    frontier: 0
    stuck: 0

APRProof: PlainPrankTest.test_stopPrank_notExistent:04124a91b5b12359796d3bd974e16783ca626bf5d0d991038f61b274d31e0f37
    status: ProofStatus.PASSED
    nodes: 7
    frontier: 0
    stuck: 0

APRProof: Setup2Test.setUp:cea214ed95902d66c53853d64d5fde7d4fa1cff151e02c606f3ffe9dc031b3d2
    status: ProofStatus.PASSED
    nodes: 5
    frontier: 0
    stuck: 0

APRProof: Setup2Test.testFail_setup:cea214ed95902d66c53853d64d5fde7d4fa1cff151e02c606f3ffe9dc031b3d2
    status: ProofStatus.PASSED
    nodes: 10
    frontier: 0
    stuck: 0

APRProof: Setup2Test.test_setup:cea214ed95902d66c53853d64d5fde7d4fa1cff151e02c606f3ffe9dc031b3d2
    status: ProofStatus.PASSED
    nodes: 5
    frontier: 0
    stuck: 0

APRProof: StoreTest.testGasLoadColdVM:8a549805b1a3555e87c0783c25fafef92a6e6b3e6926386d22f880b362d1d4d5
    status: ProofStatus.PASSED
    nodes: 7
    frontier: 0
    stuck: 0

APRProof: StoreTest.testGasLoadWarmUp:8a549805b1a3555e87c0783c25fafef92a6e6b3e6926386d22f880b362d1d4d5
    status: ProofStatus.PASSED
    nodes: 13
    frontier: 0
    stuck: 0

APRProof: StoreTest.testGasStoreColdVM:8a549805b1a3555e87c0783c25fafef92a6e6b3e6926386d22f880b362d1d4d5
    status: ProofStatus.PASSED
    nodes: 7
    frontier: 0
    stuck: 0

APRProof: StoreTest.testGasStoreWarmUp:8a549805b1a3555e87c0783c25fafef92a6e6b3e6926386d22f880b362d1d4d5
    status: ProofStatus.PASSED
    nodes: 13
    frontier: 0
    stuck: 0

APRProof: StoreTest.testLoadNonExistent:8a549805b1a3555e87c0783c25fafef92a6e6b3e6926386d22f880b362d1d4d5
    status: ProofStatus.PASSED
    nodes: 7
    frontier: 0
    stuck: 0

APRProof: StoreTest.testStoreLoad:8a549805b1a3555e87c0783c25fafef92a6e6b3e6926386d22f880b362d1d4d5
    status: ProofStatus.PASSED
    nodes: 14
    frontier: 0
    stuck: 0

APRProof: StoreTest.testStoreLoadNonExistent:8a549805b1a3555e87c0783c25fafef92a6e6b3e6926386d22f880b362d1d4d5
    status: ProofStatus.PASSED
    nodes: 9
    frontier: 0
    stuck: 0

APRProof: SymbolicStorageTest.testEmptyInitialStorage:57ab8601489fcf8a941a62f173115d6523d8734adc31d3ad76e1e63b746722a3
    status: ProofStatus.PASSED
    nodes: 7
    frontier: 0
    stuck: 0

APRProof: SymbolicStorageTest.testFail_SymbolicStorage:57ab8601489fcf8a941a62f173115d6523d8734adc31d3ad76e1e63b746722a3
    status: ProofStatus.PASSED
    nodes: 19
    frontier: 0
    stuck: 0

APRProof: SymbolicStorageTest.testFail_SymbolicStorage1:57ab8601489fcf8a941a62f173115d6523d8734adc31d3ad76e1e63b746722a3
    status: ProofStatus.PASSED
    nodes: 24
    frontier: 0
    stuck: 0

APRProof: UintTypeTest.test_uint256:7d896a2740527762b2dc7a0c59a61f8cd9e7fcb2405ca6f2d255281e6a8488d0
    status: ProofStatus.PASSED
    nodes: 5
    frontier: 0
    stuck: 0
