AGProof: AccountParamsTest.testDealConcretec2d65fbf67b09929c121ee712d160595101a54588668751b26e25ca98e2bb208
    status: ProofStatus.PASSED
    nodes: 7
    frontier: 0
    stuck: 0

AGProof: AccountParamsTest.testDealSymbolicc2d65fbf67b09929c121ee712d160595101a54588668751b26e25ca98e2bb208
    status: ProofStatus.PASSED
    nodes: 7
    frontier: 0
    stuck: 0

AGProof: AccountParamsTest.testEtchConcretec2d65fbf67b09929c121ee712d160595101a54588668751b26e25ca98e2bb208
    status: ProofStatus.PASSED
    nodes: 10
    frontier: 0
    stuck: 0

AGProof: AccountParamsTest.testFail_GetNonce_truec2d65fbf67b09929c121ee712d160595101a54588668751b26e25ca98e2bb208
    status: ProofStatus.PASSED
    nodes: 12
    frontier: 0
    stuck: 0

AGProof: AccountParamsTest.testNonceSymbolicc2d65fbf67b09929c121ee712d160595101a54588668751b26e25ca98e2bb208
    status: ProofStatus.PASSED
    nodes: 13
    frontier: 0
    stuck: 0

AGProof: AccountParamsTest.test_GetNonce_truec2d65fbf67b09929c121ee712d160595101a54588668751b26e25ca98e2bb208
    status: ProofStatus.PASSED
    nodes: 7
    frontier: 0
    stuck: 0

AGProof: AccountParamsTest.test_Nonce_ExistentAddressc2d65fbf67b09929c121ee712d160595101a54588668751b26e25ca98e2bb208
    status: ProofStatus.PASSED
    nodes: 9
    frontier: 0
    stuck: 0

AGProof: AccountParamsTest.test_Nonce_NonExistentAddressc2d65fbf67b09929c121ee712d160595101a54588668751b26e25ca98e2bb208
    status: ProofStatus.PASSED
    nodes: 9
    frontier: 0
    stuck: 0

AGProof: AccountParamsTest.test_getNonce_unknownSymbolicc2d65fbf67b09929c121ee712d160595101a54588668751b26e25ca98e2bb208
    status: ProofStatus.PASSED
    nodes: 15
    frontier: 0
    stuck: 0

AGProof: AddrTest.test_builtInAddressese509002be11adba301faa6a3d78522b9d10f7d545a12bae3de0414252e2da221
    status: ProofStatus.PASSED
    nodes: 5
    frontier: 0
    stuck: 0

AGProof: AddrTest.test_notBuiltinAddress_concretee509002be11adba301faa6a3d78522b9d10f7d545a12bae3de0414252e2da221
    status: ProofStatus.PASSED
    nodes: 5
    frontier: 0
    stuck: 0

AGProof: AddrTest.test_notBuiltinAddress_symbolice509002be11adba301faa6a3d78522b9d10f7d545a12bae3de0414252e2da221
    status: ProofStatus.PASSED
    nodes: 10
    frontier: 0
    stuck: 0

AGProof: AllowChangesTest.testAllow37bc1ce3cab5ff101cd90eede2ef963d75884c7b467e7f72b5f3f7c348213997
    status: ProofStatus.PASSED
    nodes: 25
    frontier: 0
    stuck: 0

AGProof: AllowChangesTest.testFailAllowCallsToAddress37bc1ce3cab5ff101cd90eede2ef963d75884c7b467e7f72b5f3f7c348213997
    status: ProofStatus.PASSED
    nodes: 25
    frontier: 0
    stuck: 0

AGProof: AllowChangesTest.testFailAllowChangesToStorage37bc1ce3cab5ff101cd90eede2ef963d75884c7b467e7f72b5f3f7c348213997
    status: ProofStatus.PASSED
    nodes: 25
    frontier: 0
    stuck: 0

AGProof: ArithmeticTest.test_max18236e89acbeee8e3909f796fa871387c44d69fd73186f8e46e8f3738d7cb0e9a
    status: ProofStatus.PASSED
    nodes: 8
    frontier: 0
    stuck: 0

AGProof: ArithmeticTest.test_max28236e89acbeee8e3909f796fa871387c44d69fd73186f8e46e8f3738d7cb0e9a
    status: ProofStatus.PASSED
    nodes: 6
    frontier: 0
    stuck: 0

AGProof: AssertTest.test_assert_true_branchf391a585527133b08f3feaba4873be2063ab9920c50cc368905c1669ceebe09e
    status: ProofStatus.PASSED
    nodes: 6
    frontier: 0
    stuck: 0

AGProof: AssumeTest.test_assume_staticCall54bcee0cd489a36f18c6f9c0df19254dc5c0b2ea516f762fa353f3e7d0242a91
    status: ProofStatus.PASSED
    nodes: 8
    frontier: 0
    stuck: 0

AGProof: AssumeTest.test_assume_true54bcee0cd489a36f18c6f9c0df19254dc5c0b2ea516f762fa353f3e7d0242a91
    status: ProofStatus.PASSED
    nodes: 7
    frontier: 0
    stuck: 0

AGProof: AssumeTest.test_multi_assume54bcee0cd489a36f18c6f9c0df19254dc5c0b2ea516f762fa353f3e7d0242a91
    status: ProofStatus.PASSED
    nodes: 22
    frontier: 0
    stuck: 0

AGProof: BlockParamsTest.testBlockNumber1087f2ffaec23c3d9bb29862f7c7a1567127d1b45619af39d670734ea5f458ba
    status: ProofStatus.PASSED
    nodes: 5
    frontier: 0
    stuck: 0

AGProof: BlockParamsTest.testChainId1087f2ffaec23c3d9bb29862f7c7a1567127d1b45619af39d670734ea5f458ba
    status: ProofStatus.PASSED
    nodes: 7
    frontier: 0
    stuck: 0

AGProof: BlockParamsTest.testCoinBase1087f2ffaec23c3d9bb29862f7c7a1567127d1b45619af39d670734ea5f458ba
    status: ProofStatus.PASSED
    nodes: 7
    frontier: 0
    stuck: 0

AGProof: BlockParamsTest.testFee1087f2ffaec23c3d9bb29862f7c7a1567127d1b45619af39d670734ea5f458ba
    status: ProofStatus.PASSED
    nodes: 7
    frontier: 0
    stuck: 0

AGProof: BlockParamsTest.testRoll1087f2ffaec23c3d9bb29862f7c7a1567127d1b45619af39d670734ea5f458ba
    status: ProofStatus.PASSED
    nodes: 7
    frontier: 0
    stuck: 0

AGProof: BlockParamsTest.testWarp1087f2ffaec23c3d9bb29862f7c7a1567127d1b45619af39d670734ea5f458ba
    status: ProofStatus.PASSED
    nodes: 7
    frontier: 0
    stuck: 0

AGProof: BytesTypeTest.test_bytes3270367441316f61e768fe9bf1bc1db8f5c5e80a3c724e38d795840f798a2b89fe
    status: ProofStatus.PASSED
    nodes: 5
    frontier: 0
    stuck: 0

AGProof: BytesTypeTest.test_bytes470367441316f61e768fe9bf1bc1db8f5c5e80a3c724e38d795840f798a2b89fe
    status: ProofStatus.PASSED
    nodes: 5
    frontier: 0
    stuck: 0

AGProof: CounterTest.testIncrementfacd1c286ecb8adb9bd8d80ec1d217670a4672cd7427e6573d313734df1770bf
    status: ProofStatus.PASSED
    nodes: 30
    frontier: 0
    stuck: 0

AGProof: CounterTest.testSetNumberfacd1c286ecb8adb9bd8d80ec1d217670a4672cd7427e6573d313734df1770bf
    status: ProofStatus.PASSED
    nodes: 30
    frontier: 0
    stuck: 0

AGProof: EmitContractTest.testExpectEmit7c8f4680b74ce8fd935bdbe9bbe1a1a99f04a2a7977f70f89753ddfb2bdac772
    status: ProofStatus.PASSED
    nodes: 18
    frontier: 0
    stuck: 0

AGProof: EmitContractTest.testExpectEmitCheckEmitter7c8f4680b74ce8fd935bdbe9bbe1a1a99f04a2a7977f70f89753ddfb2bdac772
    status: ProofStatus.PASSED
    nodes: 18
    frontier: 0
    stuck: 0

AGProof: EmitContractTest.testExpectEmitDoNotCheckData7c8f4680b74ce8fd935bdbe9bbe1a1a99f04a2a7977f70f89753ddfb2bdac772
    status: ProofStatus.PASSED
    nodes: 18
    frontier: 0
    stuck: 0

AGProof: ExpectCallTest.testExpectRegularCall9b619c99552bdac1b56f044bea9cd313ac8af3f914bc0c526b41d3573dfc0804
    status: ProofStatus.PASSED
    nodes: 19
    frontier: 0
    stuck: 0

AGProof: ExpectCallTest.testExpectStaticCall9b619c99552bdac1b56f044bea9cd313ac8af3f914bc0c526b41d3573dfc0804
    status: ProofStatus.PASSED
    nodes: 19
    frontier: 0
    stuck: 0

AGProof: ExpectRevertTest.testFail_ExpectRevert_failAndSuccess358209ff61ed7f57c24414c5c76fa24ca795d7444b3f0da75e2dfa1518a504d3
    status: ProofStatus.PASSED
    nodes: 18
    frontier: 0
    stuck: 0

AGProof: ExpectRevertTest.testFail_expectRevert_empty358209ff61ed7f57c24414c5c76fa24ca795d7444b3f0da75e2dfa1518a504d3
    status: ProofStatus.PASSED
    nodes: 7
    frontier: 0
    stuck: 0

AGProof: ExpectRevertTest.testFail_expectRevert_false358209ff61ed7f57c24414c5c76fa24ca795d7444b3f0da75e2dfa1518a504d3
    status: ProofStatus.PASSED
    nodes: 18
    frontier: 0
    stuck: 0

AGProof: ExpectRevertTest.testFail_expectRevert_multipleReverts358209ff61ed7f57c24414c5c76fa24ca795d7444b3f0da75e2dfa1518a504d3
    status: ProofStatus.PASSED
    nodes: 24
    frontier: 0
    stuck: 0

AGProof: ExpectRevertTest.test_ExpectRevert_increasedDepth358209ff61ed7f57c24414c5c76fa24ca795d7444b3f0da75e2dfa1518a504d3
    status: ProofStatus.PASSED
    nodes: 29
    frontier: 0
    stuck: 0

AGProof: ExpectRevertTest.test_expectRevert_internalCall358209ff61ed7f57c24414c5c76fa24ca795d7444b3f0da75e2dfa1518a504d3
    status: ProofStatus.PASSED
    nodes: 7
    frontier: 0
    stuck: 0

AGProof: ExpectRevertTest.test_expectRevert_message358209ff61ed7f57c24414c5c76fa24ca795d7444b3f0da75e2dfa1518a504d3
    status: ProofStatus.PASSED
    nodes: 20
    frontier: 0
    stuck: 0

AGProof: ExpectRevertTest.test_expectRevert_returnValue358209ff61ed7f57c24414c5c76fa24ca795d7444b3f0da75e2dfa1518a504d3
    status: ProofStatus.PASSED
    nodes: 19
    frontier: 0
    stuck: 0

AGProof: ExpectRevertTest.test_expectRevert_true358209ff61ed7f57c24414c5c76fa24ca795d7444b3f0da75e2dfa1518a504d3
    status: ProofStatus.PASSED
    nodes: 18
    frontier: 0
    stuck: 0

AGProof: GasTest.testInfiniteGas2c9deadb4fae990333a3622cd536eb1b5338bf86895e46219157078c35cbf2dc
    status: ProofStatus.PASSED
    nodes: 7
    frontier: 0
    stuck: 0

AGProof: LabelTest.testLabel08137b7312f3b07373b5306819f6297dd9b4666b33a7af11813b6ee2e3ae4015
    status: ProofStatus.PASSED
    nodes: 7
    frontier: 0
    stuck: 0

AGProof: LoopsTest.test_sum_100f9ac010c2febcb169a86ea3cb52505decb782d204f8a3a575855024f5b7a6f1
    status: ProofStatus.PASSED
    nodes: 9
    frontier: 0
    stuck: 0

AGProof: MethodDisambiguateTest.test_method_callb1966f8bc7346dc261cc7a85090efa5db4cf474a3bea543a36f632566c0c292a
    status: ProofStatus.PASSED
    nodes: 5
    frontier: 0
    stuck: 0

AGProof: PlainPrankTest.testFail_startPrank_internalCall41d2acfec71afe6b98cd115f9cb09a0a55162a115b48e32bc56fa802e3103f3e
    status: ProofStatus.PASSED
    nodes: 9
    frontier: 0
    stuck: 0

AGProof: PlainPrankTest.test_prank_zeroAddress_true41d2acfec71afe6b98cd115f9cb09a0a55162a115b48e32bc56fa802e3103f3e
    status: ProofStatus.PASSED
    nodes: 31
    frontier: 0
    stuck: 0

AGProof: PlainPrankTest.test_startPrankWithOrigin_true41d2acfec71afe6b98cd115f9cb09a0a55162a115b48e32bc56fa802e3103f3e
    status: ProofStatus.PASSED
    nodes: 26
    frontier: 0
    stuck: 0

AGProof: PlainPrankTest.test_startPrank_true41d2acfec71afe6b98cd115f9cb09a0a55162a115b48e32bc56fa802e3103f3e
    status: ProofStatus.PASSED
    nodes: 26
    frontier: 0
    stuck: 0

AGProof: PlainPrankTest.test_startPrank_zeroAddress_true41d2acfec71afe6b98cd115f9cb09a0a55162a115b48e32bc56fa802e3103f3e
    status: ProofStatus.PASSED
    nodes: 26
    frontier: 0
    stuck: 0

AGProof: PlainPrankTest.test_stopPrank_notExistent41d2acfec71afe6b98cd115f9cb09a0a55162a115b48e32bc56fa802e3103f3e
    status: ProofStatus.PASSED
    nodes: 7
    frontier: 0
    stuck: 0

AGProof: Setup2Test.setUp3a3d43750cb04eb3c10465c69944d3fa062c6a8987ff5012a80aae623a77bb85
    status: ProofStatus.PASSED
    nodes: 5
    frontier: 0
    stuck: 0

AGProof: Setup2Test.testFail_setup3a3d43750cb04eb3c10465c69944d3fa062c6a8987ff5012a80aae623a77bb85
    status: ProofStatus.PASSED
    nodes: 10
    frontier: 0
    stuck: 0

AGProof: Setup2Test.test_setup3a3d43750cb04eb3c10465c69944d3fa062c6a8987ff5012a80aae623a77bb85
    status: ProofStatus.PASSED
    nodes: 5
    frontier: 0
    stuck: 0

AGProof: StoreTest.testGasLoadColdVMcdf441da24f25128a0f98f0a7f365534914aa5e9fa77eebc37ef5a3e0b271d06
    status: ProofStatus.PASSED
    nodes: 7
    frontier: 0
    stuck: 0

AGProof: StoreTest.testGasLoadWarmUpcdf441da24f25128a0f98f0a7f365534914aa5e9fa77eebc37ef5a3e0b271d06
    status: ProofStatus.PASSED
    nodes: 13
    frontier: 0
    stuck: 0

AGProof: StoreTest.testGasStoreColdVMcdf441da24f25128a0f98f0a7f365534914aa5e9fa77eebc37ef5a3e0b271d06
    status: ProofStatus.PASSED
    nodes: 7
    frontier: 0
    stuck: 0

AGProof: StoreTest.testGasStoreWarmUpcdf441da24f25128a0f98f0a7f365534914aa5e9fa77eebc37ef5a3e0b271d06
    status: ProofStatus.PASSED
    nodes: 13
    frontier: 0
    stuck: 0

AGProof: StoreTest.testLoadNonExistentcdf441da24f25128a0f98f0a7f365534914aa5e9fa77eebc37ef5a3e0b271d06
    status: ProofStatus.PASSED
    nodes: 7
    frontier: 0
    stuck: 0

AGProof: StoreTest.testStoreLoadcdf441da24f25128a0f98f0a7f365534914aa5e9fa77eebc37ef5a3e0b271d06
    status: ProofStatus.PASSED
    nodes: 14
    frontier: 0
    stuck: 0

AGProof: StoreTest.testStoreLoadNonExistentcdf441da24f25128a0f98f0a7f365534914aa5e9fa77eebc37ef5a3e0b271d06
    status: ProofStatus.PASSED
    nodes: 9
    frontier: 0
    stuck: 0

AGProof: SymbolicStorageTest.testEmptyInitialStoraged5e0f03215d480b20130230457b13ad5f83f8183044fb77445a6abbcbacbf61a
    status: ProofStatus.PASSED
    nodes: 7
    frontier: 0
    stuck: 0

AGProof: SymbolicStorageTest.testFail_SymbolicStoraged5e0f03215d480b20130230457b13ad5f83f8183044fb77445a6abbcbacbf61a
    status: ProofStatus.PASSED
    nodes: 10
    frontier: 0
    stuck: 0

AGProof: SymbolicStorageTest.testFail_SymbolicStorage1d5e0f03215d480b20130230457b13ad5f83f8183044fb77445a6abbcbacbf61a
    status: ProofStatus.PASSED
    nodes: 15
    frontier: 0
    stuck: 0

AGProof: UintTypeTest.test_uint256d1d2f490bd44988f6b717c9547e1e2bf1631ca51f4c9aff6dcd3e8611ad88a46
    status: ProofStatus.PASSED
    nodes: 5
    frontier: 0
    stuck: 0
